I'm sorry, but errors were detected in your script. Please correct the
errors listed below, and try again.


File "game/components/room_explore.rpy", line 117: keyword argument 'yanchor' is incompatible with 'yalign'.
    yanchor 0.5
           ^

Ren'Py Version: Ren'Py 8.5.2.26010301
Fri May  8 19:37:39 2026
